 Douglas Costa will spark a transfer scramble this summer with Shakhtar Donetsk ready to sell their prized-asset. Chelsea manager Jose Mourinho is a known admirer of the Brazil international having tried to land the midfielder in the previous transfer windows. Shakhtar chiefs are now open to selling Costa this summer and talks with third parties over his departure are underway. Brazil international Douglas Costa is set to depart Shakhtar Donetsk for £25million in the summer . Midfielder Costa (left) could spark a bidding war from Chelsea, Real Madrid and Barcelona . The 24-year-old
  ### Solution: #include <bits/stdc++.h> #include <iostream> #include <string> #include <vector> #include <list> #include <map> #include <set> #include <queue> #include <stack> #include <unordered_set> #include <unordered_map> #include <sstream> #include <algorithm> #include <functional> #include <numeric> #include <bitset> #include <utility> #include <
 A man was charged and prosecuted at a cost of £5,000 to the taxpayer - over the possession of cannabis worth less than £2. Martin Kewley was ordered to appear in court after police found a minuscule amount of the drug in a drawer by his bedside. Rather than caution the builder, of Onchan, Isle of Man, over the cannabis - worth £1.59 - officers and prosecutors decided to take the case to Douglas Magistrates' Court. Questionable decision: A man was charged and prosecuted at a cost of £5,000 to the taxpayer - over the possession of cannabis resin worth less
 Jimmy Walker held his nerve to close out victory at the Valero Texas Open at TPC San Antonio. The Ryder Cup player added to his Sony Open title this season and three PGA Tour victories in 2014 as a closing 70 maintained his four-shot overnight lead. Jordan Spieth was second on seven under, having perhaps left his run too late before finishing with four birdies in the last five holes. Jimmy Walker poses with the Valero Texas Open trophy after recording a four-shot win. Walker took the trophy at his hometown tournament and now has six wins since the start of 2014. Walker went into his final round
 Caroline Nyadzayo’s unpaid bill is part of the £62million cost of ‘health tourism’ to Britain. The 34-year-old, an advertising executive in Africa, was pictured with health minister Daniel Poulter on his visit to the Norfolk and Norwich University Hospital when the maternity suite was reopened. New mother: Zimbabwe-born Caroline Nyadzayo (left) was pictured with health minister Daniel Poulter (right) on his visit to the Norfolk and Norwich University Hospital in the maternity suite . The mother said she complained to Mr Poulter about the charge and
  PS frontman Memphis Depay has been tipped as a better player than Real Madrid star Cristiano Ronaldo at the same age. The 21-year-old is the current leading goalscorer in the Eredivisie with 16 league goals this season. Early years and PSV Eindhoven . Born in 1994, Depay started his career at hometown club PSV Eindhoven at the age of 12 before moving to Sparta Rotterdam at the age of 16. He returned to PSV Eindhoven at the age of 18 and made his first-team debut in September 2011.
 The Royal Navy’s new uniform was ridiculed yesterday by being compared to the outfits worn by garage mechanics. The all-navy blue gear will replace the outfit worn by serving military personnel since the Second World War and was welcomed by the Defence Ministry as ‘cool and more modern’. The old Royal Navy uniform of light blue shirt and dark blue trousers, left, is being replaced with all-navy blue gear, right. But Twitter user Tony Shumacher wrote: ‘Royal Navy unveils “modern” uniform… sponsored by Kwik Fit?’ Jamie Frost, a seaman who trains at the University Royal Naval Unit, said
 Obesity expert says mocking the overweight 'should be illegal'. Stock photo . Poking fun at fat people should be treated as seriously as racism and sexism, researchers have said. Obesity expert Dr Sarah Jackson said that the law should protect against weight discrimination, in the same way at it prohibits singling out people based on their age, gender or race. Dr Jackson, of University College London, spoke out after conducting two studies into the physical and psychological effects of fattism. Her latest study, of more than 5,000 British adults found that those who were made to feel ashamed of their size suffered more symptoms of depression.
 (CNN)The birthplace of Coca-Cola, "Gone with the Wind" and Martin Luther King Jr. is still home to the busiest passenger airport in the world. More than 96 million passengers went through Hartsfield-Jackson Atlanta International Airport in 2014, an increase of 1.9% over 2013, according to Airports Council International's preliminary passenger traffic data, released Thursday. With more than 86 million passengers last year, Beijing Capital International Airport remained in second place and continued to close the gap just a bit more with Atlanta, according to the worldwide association of airports. It saw an increase of 2.9
 Summarize the following news article: If you thought Rosie Huntington-Whiteley slept in baggy jumpers and elasticated bottoms, you can think again. As her new campaign images attest, when you're one of Britain's most famous supermodels, sleeping in silk and satin is the only option. The model and lingerie designer has unveiled her Rosie for Autograph summer sleepwear collection - and it's full of mix and match pieces featuring sophisticated hues of slate blue and silver with colour pops of peach and floral prints. Rosie, 27, models her sophisticated summer sleepwear range for Autograph at M&
